
Discarded input sections

 .group         0x00000000        0xc /var/folders/rk/5pymwj7s2mvc2gsbzx6hss3m0000gn/T//ccfMl5SO.o
 .group         0x00000000        0xc /var/folders/rk/5pymwj7s2mvc2gsbzx6hss3m0000gn/T//ccfMl5SO.o
 .group         0x00000000        0xc /var/folders/rk/5pymwj7s2mvc2gsbzx6hss3m0000gn/T//cco9ctSI.o
 .group         0x00000000        0xc /var/folders/rk/5pymwj7s2mvc2gsbzx6hss3m0000gn/T//cco9ctSI.o
 .debug_macro   0x00000000      0x84a /var/folders/rk/5pymwj7s2mvc2gsbzx6hss3m0000gn/T//cco9ctSI.o
 .debug_macro   0x00000000       0x1c /var/folders/rk/5pymwj7s2mvc2gsbzx6hss3m0000gn/T//cco9ctSI.o

Memory Configuration

Name             Origin             Length             Attributes
*default*        0x00000000         0xffffffff

Linker script and memory map

                0x80200000                        . = 0x80200000

.text           0x80200000      0x258
 *(.text.boot)
 *(.text .text.*)
 .text          0x80200000       0x10 /var/folders/rk/5pymwj7s2mvc2gsbzx6hss3m0000gn/T//cczmaASL.o
                0x80200000                boot
 .text          0x80200010       0x74 /var/folders/rk/5pymwj7s2mvc2gsbzx6hss3m0000gn/T//ccfMl5SO.o
                0x80200010                sbi_call
                0x80200020                putchar
                0x80200044                kernel_main
 .text          0x80200084      0x1d4 /var/folders/rk/5pymwj7s2mvc2gsbzx6hss3m0000gn/T//cco9ctSI.o
                0x80200084                printf

.rodata         0x80200258       0x35
 *(.rodata .rodata.*)
 .rodata.str1.4
                0x80200258       0x35 /var/folders/rk/5pymwj7s2mvc2gsbzx6hss3m0000gn/T//ccfMl5SO.o
                                 0x24 (size before relaxing)
 .rodata.str1.4
                0x8020028d       0x11 /var/folders/rk/5pymwj7s2mvc2gsbzx6hss3m0000gn/T//cco9ctSI.o

.rela.dyn       0x80200290        0x0
 .rela.text     0x80200290        0x0 /var/folders/rk/5pymwj7s2mvc2gsbzx6hss3m0000gn/T//cczmaASL.o

.data           0x80200290        0x0
 *(.data .data.*)
 .data          0x80200290        0x0 /var/folders/rk/5pymwj7s2mvc2gsbzx6hss3m0000gn/T//cczmaASL.o
 .data          0x80200290        0x0 /var/folders/rk/5pymwj7s2mvc2gsbzx6hss3m0000gn/T//ccfMl5SO.o
 .data          0x80200290        0x0 /var/folders/rk/5pymwj7s2mvc2gsbzx6hss3m0000gn/T//cco9ctSI.o

.bss            0x80200290        0x0
                0x80200290                        __bss = .
 *(.bss .bss.* .sbss .sbss.*)
 .bss           0x80200290        0x0 /var/folders/rk/5pymwj7s2mvc2gsbzx6hss3m0000gn/T//cczmaASL.o
 .bss           0x80200290        0x0 /var/folders/rk/5pymwj7s2mvc2gsbzx6hss3m0000gn/T//ccfMl5SO.o
 .bss           0x80200290        0x0 /var/folders/rk/5pymwj7s2mvc2gsbzx6hss3m0000gn/T//cco9ctSI.o
                0x80200290                        __bss_end = .
                0x80200290                        . = ALIGN (0x4)
                0x80220290                        . = (. + 0x20000)
                0x80220290                        __stack_top = .
LOAD /var/folders/rk/5pymwj7s2mvc2gsbzx6hss3m0000gn/T//cczmaASL.o
LOAD /var/folders/rk/5pymwj7s2mvc2gsbzx6hss3m0000gn/T//ccfMl5SO.o
LOAD /var/folders/rk/5pymwj7s2mvc2gsbzx6hss3m0000gn/T//cco9ctSI.o
OUTPUT(kernel.elf elf32-littleriscv)

.riscv.attributes
                0x00000000       0x46
 .riscv.attributes
                0x00000000       0x40 /var/folders/rk/5pymwj7s2mvc2gsbzx6hss3m0000gn/T//cczmaASL.o
 .riscv.attributes
                0x00000040       0x46 /var/folders/rk/5pymwj7s2mvc2gsbzx6hss3m0000gn/T//ccfMl5SO.o
 .riscv.attributes
                0x00000086       0x42 /var/folders/rk/5pymwj7s2mvc2gsbzx6hss3m0000gn/T//cco9ctSI.o

.comment        0x00000000       0x12
 .comment       0x00000000       0x12 /var/folders/rk/5pymwj7s2mvc2gsbzx6hss3m0000gn/T//ccfMl5SO.o
                                 0x13 (size before relaxing)
 .comment       0x00000012       0x13 /var/folders/rk/5pymwj7s2mvc2gsbzx6hss3m0000gn/T//cco9ctSI.o

.note.GNU-stack
                0x00000000        0x0
 .note.GNU-stack
                0x00000000        0x0 /var/folders/rk/5pymwj7s2mvc2gsbzx6hss3m0000gn/T//ccfMl5SO.o
 .note.GNU-stack
                0x00000000        0x0 /var/folders/rk/5pymwj7s2mvc2gsbzx6hss3m0000gn/T//cco9ctSI.o

.debug_line     0x00000000      0x4cd
 .debug_line    0x00000000       0x50 /var/folders/rk/5pymwj7s2mvc2gsbzx6hss3m0000gn/T//cczmaASL.o
 .debug_line    0x00000050      0x1a4 /var/folders/rk/5pymwj7s2mvc2gsbzx6hss3m0000gn/T//ccfMl5SO.o
 .debug_line    0x000001f4      0x2d9 /var/folders/rk/5pymwj7s2mvc2gsbzx6hss3m0000gn/T//cco9ctSI.o

.debug_line_str
                0x00000000       0x6c
 .debug_line_str
                0x00000000       0x6c /var/folders/rk/5pymwj7s2mvc2gsbzx6hss3m0000gn/T//cczmaASL.o
                                 0x48 (size before relaxing)
 .debug_line_str
                0x0000006c       0x5c /var/folders/rk/5pymwj7s2mvc2gsbzx6hss3m0000gn/T//ccfMl5SO.o
 .debug_line_str
                0x0000006c       0x53 /var/folders/rk/5pymwj7s2mvc2gsbzx6hss3m0000gn/T//cco9ctSI.o

.debug_info     0x00000000      0x4ef
 .debug_info    0x00000000       0x24 /var/folders/rk/5pymwj7s2mvc2gsbzx6hss3m0000gn/T//cczmaASL.o
 .debug_info    0x00000024      0x300 /var/folders/rk/5pymwj7s2mvc2gsbzx6hss3m0000gn/T//ccfMl5SO.o
 .debug_info    0x00000324      0x1cb /var/folders/rk/5pymwj7s2mvc2gsbzx6hss3m0000gn/T//cco9ctSI.o

.debug_abbrev   0x00000000      0x294
 .debug_abbrev  0x00000000       0x14 /var/folders/rk/5pymwj7s2mvc2gsbzx6hss3m0000gn/T//cczmaASL.o
 .debug_abbrev  0x00000014      0x150 /var/folders/rk/5pymwj7s2mvc2gsbzx6hss3m0000gn/T//ccfMl5SO.o
 .debug_abbrev  0x00000164      0x130 /var/folders/rk/5pymwj7s2mvc2gsbzx6hss3m0000gn/T//cco9ctSI.o

.debug_aranges  0x00000000       0x60
 .debug_aranges
                0x00000000       0x20 /var/folders/rk/5pymwj7s2mvc2gsbzx6hss3m0000gn/T//cczmaASL.o
 .debug_aranges
                0x00000020       0x20 /var/folders/rk/5pymwj7s2mvc2gsbzx6hss3m0000gn/T//ccfMl5SO.o
 .debug_aranges
                0x00000040       0x20 /var/folders/rk/5pymwj7s2mvc2gsbzx6hss3m0000gn/T//cco9ctSI.o

.debug_str      0x00000000     0x2baf
 .debug_str     0x00000000     0x2baf /var/folders/rk/5pymwj7s2mvc2gsbzx6hss3m0000gn/T//cczmaASL.o
                                 0x54 (size before relaxing)
 .debug_str     0x00002baf     0x2b7c /var/folders/rk/5pymwj7s2mvc2gsbzx6hss3m0000gn/T//ccfMl5SO.o
 .debug_str     0x00002baf     0x2b3f /var/folders/rk/5pymwj7s2mvc2gsbzx6hss3m0000gn/T//cco9ctSI.o

.debug_loclists
                0x00000000      0x155
 .debug_loclists
                0x00000000       0x7a /var/folders/rk/5pymwj7s2mvc2gsbzx6hss3m0000gn/T//ccfMl5SO.o
 .debug_loclists
                0x0000007a       0xdb /var/folders/rk/5pymwj7s2mvc2gsbzx6hss3m0000gn/T//cco9ctSI.o

.debug_macro    0x00000000      0x89e
 .debug_macro   0x00000000       0x1e /var/folders/rk/5pymwj7s2mvc2gsbzx6hss3m0000gn/T//ccfMl5SO.o
 .debug_macro   0x0000001e      0x84a /var/folders/rk/5pymwj7s2mvc2gsbzx6hss3m0000gn/T//ccfMl5SO.o
 .debug_macro   0x00000868       0x1c /var/folders/rk/5pymwj7s2mvc2gsbzx6hss3m0000gn/T//ccfMl5SO.o
 .debug_macro   0x00000884       0x1a /var/folders/rk/5pymwj7s2mvc2gsbzx6hss3m0000gn/T//cco9ctSI.o

.debug_frame    0x00000000       0xb4
 .debug_frame   0x00000000       0x50 /var/folders/rk/5pymwj7s2mvc2gsbzx6hss3m0000gn/T//ccfMl5SO.o
 .debug_frame   0x00000050       0x64 /var/folders/rk/5pymwj7s2mvc2gsbzx6hss3m0000gn/T//cco9ctSI.o

.debug_rnglists
                0x00000000       0x2d
 .debug_rnglists
                0x00000000       0x2d /var/folders/rk/5pymwj7s2mvc2gsbzx6hss3m0000gn/T//cco9ctSI.o
